// Jest Snapshot v1, https://goo.gl/fbAQLP

exports[`App Component Main renders routes inside Main 1`] = `
<main
  className="src-app-components-App-App-module-content"
>
  <Switch>
    <CodeSplitRoute
      exact={true}
      load={[Function]}
      path="/"
    />
    <CodeSplitRoute
      load={[Function]}
    />
  </Switch>
</main>
`;
