// Jest Snapshot v1, https://goo.gl/fbAQLP

exports[`NotFoundRoute Component matches snapshot 1`] = `
<section
  className="NotFoundRoute"
>
  404, page not found
</section>
`;
